2026-09-07 18:35:36,205 INFO root: Starting TTAudit pilot experiment
2026-09-07 18:35:36,205 INFO root: Config: {"seed": 0, "corruption": "gaussian_noise", "severity": 5, "member_count": 2000, "nonmember_count": 2000, "eval_count": 1000, "batch_size": 64, "adapt_lr": 0.001, "adapt_momentum": 0.9, "num_workers": 0, "pin_memory": true, "image_count_per_severity": 10000}
2026-09-07 18:35:36,205 INFO root: Repo root: /home/chenyaofo/wanzhangqi/GuessWork2
2026-09-07 18:35:36,205 INFO root: Data root: /home/chenyaofo/wanzhangqi/GuessWork2/datasets
2026-09-07 18:35:36,205 INFO root: Checkpoint: /home/chenyaofo/wanzhangqi/GuessWork2/datasets/best_model.pth
2026-09-07 18:37:04,051 INFO root: Starting TTAudit pilot experiment
2026-09-07 18:37:04,052 INFO root: Config: {"seed": 0, "corruption": "gaussian_noise", "severity": 5, "member_count": 2000, "nonmember_count": 2000, "eval_count": 1000, "batch_size": 64, "adapt_lr": 0.001, "adapt_momentum": 0.9, "num_workers": 0, "pin_memory": true, "image_count_per_severity": 10000}
2026-09-07 18:37:04,052 INFO root: Repo root: /home/chenyaofo/wanzhangqi/GuessWork2
2026-09-07 18:37:04,052 INFO root: Data root: /home/chenyaofo/mr/datasets/corruption/CIFAR-100-C
2026-09-07 18:37:04,052 INFO root: Checkpoint: /home/chenyaofo/wanzhangqi/GuessWork2/datasets/best_model.pth
2026-09-07 18:37:11,352 INFO root: Finished TTAudit pilot experiment
2026-09-07 18:37:11,352 INFO root: {
  "seed": 0,
  "dataset": "CIFAR-100-C",
  "corruption": "gaussian_noise",
  "severity": 5,
  "checkpoint_path": "/home/chenyaofo/wanzhangqi/GuessWork2/datasets/best_model.pth",
  "data_root": "/home/chenyaofo/mr/datasets/corruption/CIFAR-100-C",
  "run_dir": "/home/chenyaofo/wanzhangqi/GuessWork2/outputs/pilot_seed0",
  "git_sha": "2d6761d2a3df8f1f59be5f0d7042674535aabf45",
  "splits": {
    "member_count": 2000,
    "nonmember_count": 2000,
    "eval_count": 1000
  },
  "source": {
    "score_ent_auc": 0.5022815,
    "score_conf_auc": 0.502911,
    "score_ce_auc": 0.49761175,
    "top1_eval": 11.7
  },
  "tent": {
    "score_ent_auc": 0.5095930000000001,
    "score_conf_auc": 0.51259,
    "score_ce_auc": 0.4996769999999999,
    "top1_eval": 41.2,
    "adapt_loss": 1.5085132420063019,
    "adapt_batches": 32.0
  },
  "tent_adapt": {
    "lr": 0.001,
    "momentum": 0.9,
    "batch_size": 64,
    "single_pass": true,
    "bn_affine_only": true,
    "num_workers": 0
  }
}
2026-09-07 18:38:07,091 INFO root: Starting TTAudit pilot experiment
2026-09-07 18:38:07,091 INFO root: Config: {"seed": 0, "corruption": "gaussian_noise", "severity": 5, "member_count": 2000, "nonmember_count": 2000, "eval_count": 1000, "batch_size": 64, "adapt_lr": 0.001, "adapt_momentum": 0.9, "num_workers": 0, "pin_memory": true, "image_count_per_severity": 10000}
2026-09-07 18:38:07,091 INFO root: Repo root: /home/chenyaofo/wanzhangqi/GuessWork2
2026-09-07 18:38:07,091 INFO root: Data root: /home/chenyaofo/mr/datasets/corruption/CIFAR-100-C
2026-09-07 18:38:07,092 INFO root: Checkpoint: /home/chenyaofo/wanzhangqi/GuessWork2/datasets/best_model.pth
2026-09-07 18:38:14,192 INFO root: Finished TTAudit pilot experiment
2026-09-07 18:38:14,192 INFO root: {
  "seed": 0,
  "dataset": "CIFAR-100-C",
  "corruption": "gaussian_noise",
  "severity": 5,
  "checkpoint_path": "/home/chenyaofo/wanzhangqi/GuessWork2/datasets/best_model.pth",
  "data_root": "/home/chenyaofo/mr/datasets/corruption/CIFAR-100-C",
  "run_dir": "/home/chenyaofo/wanzhangqi/GuessWork2/outputs/pilot_seed0",
  "git_sha": "2d6761d2a3df8f1f59be5f0d7042674535aabf45",
  "splits": {
    "member_count": 2000,
    "nonmember_count": 2000,
    "eval_count": 1000
  },
  "source": {
    "score_ent_auc": 0.5022815,
    "score_conf_auc": 0.502911,
    "score_ce_auc": 0.49761175,
    "top1_eval": 11.7
  },
  "tent": {
    "score_ent_auc": 0.5095930000000001,
    "score_conf_auc": 0.51259,
    "score_ce_auc": 0.4996769999999999,
    "top1_eval": 41.2,
    "adapt_loss": 1.5085132420063019,
    "adapt_batches": 32.0
  },
  "tent_adapt": {
    "lr": 0.001,
    "momentum": 0.9,
    "batch_size": 64,
    "single_pass": true,
    "bn_affine_only": true,
    "num_workers": 0
  }
}
