2026-09-07 21:49:25,933 INFO root: Starting TTAudit P2 experiment
2026-09-07 21:49:25,933 INFO root: Config: {"seed": 0, "corruption": "gaussian_noise", "severity": 5, "member_count": 2000, "nonmember_count": 2000, "eval_count": 1000, "batch_size": 64, "adapt_lr": 0.001, "adapt_momentum": 0.9, "num_workers": 0, "pin_memory": true, "image_count_per_severity": 10000, "buffer_size": 500, "buffer_threshold": 0.7, "replay_every": 16, "replay_batch_size": 64}
2026-09-07 21:49:25,933 INFO root: Repo root: /home/chenyaofo/wanzhangqi/GuessWork2
2026-09-07 21:49:25,933 INFO root: Data root: /home/chenyaofo/mr/datasets/corruption/CIFAR-100-C
2026-09-07 21:49:25,933 INFO root: Checkpoint: /home/chenyaofo/wanzhangqi/GuessWork2/datasets/best_model.pth
2026-09-07 21:49:33,434 INFO root: Finished TTAudit P2 experiment
2026-09-07 21:49:33,434 INFO root: {
  "seed": 0,
  "dataset": "CIFAR-100-C",
  "corruption": "gaussian_noise",
  "severity": 5,
  "checkpoint_path": "/home/chenyaofo/wanzhangqi/GuessWork2/datasets/best_model.pth",
  "data_root": "/home/chenyaofo/mr/datasets/corruption/CIFAR-100-C",
  "run_dir": "/home/chenyaofo/wanzhangqi/GuessWork2/outputs/p2_seed0",
  "split_source": "/home/chenyaofo/wanzhangqi/GuessWork2/outputs/pilot_seed0/split_indices.npz",
  "source": {
    "score_ent_auc": 0.5022815,
    "score_conf_auc": 0.502911,
    "score_ce_auc": 0.49761175,
    "top1_eval": 11.7
  },
  "buftta": {
    "score_ent_auc": 0.51044275,
    "score_conf_auc": 0.5138192500000001,
    "score_ce_auc": 0.500303,
    "top1_eval": 40.8,
    "adapt_loss": 1.506896909326315,
    "adapt_batches": 32.0,
    "replay_loss": 0.25569313019514084,
    "replay_batches": 2.0
  },
  "buffer": {
    "buffer_size": 500,
    "buffer_threshold": 0.7,
    "replay_every": 16,
    "replay_batch_size": 64,
    "final_buffer_length": 500,
    "label_histogram": {
      "0": 3,
      "1": 5,
      "2": 3,
      "3": 5,
      "4": 7,
      "5": 5,
      "6": 4,
      "7": 8,
      "8": 4,
      "9": 4,
      "10": 2,
      "11": 6,
      "12": 8,
      "13": 5,
      "14": 2,
      "15": 2,
      "16": 5,
      "17": 9,
      "18": 4,
      "19": 4,
      "20": 4,
      "21": 3,
      "22": 5,
      "23": 5,
      "24": 6,
      "25": 2,
      "26": 4,
      "27": 4,
      "28": 3,
      "29": 6,
      "30": 7,
      "31": 2,
      "32": 5,
      "33": 9,
      "34": 5,
      "35": 4,
      "36": 7,
      "37": 6,
      "38": 3,
      "39": 5,
      "41": 6,
      "42": 1,
      "43": 4,
      "44": 3,
      "45": 2,
      "46": 5,
      "47": 1,
      "48": 9,
      "49": 4,
      "50": 4,
      "51": 10,
      "52": 4,
      "53": 6,
      "54": 9,
      "55": 4,
      "56": 7,
      "57": 8,
      "58": 3,
      "59": 5,
      "60": 8,
      "61": 6,
      "62": 15,
      "63": 2,
      "64": 6,
      "65": 1,
      "66": 4,
      "67": 5,
      "68": 2,
      "69": 8,
      "70": 8,
      "71": 1,
      "72": 6,
      "73": 3,
      "74": 3,
      "75": 9,
      "76": 1,
      "77": 6,
      "78": 8,
      "79": 2,
      "80": 7,
      "81": 4,
      "82": 9,
      "83": 8,
      "84": 3,
      "85": 3,
      "86": 4,
      "87": 1,
      "88": 3,
      "89": 7,
      "90": 3,
      "91": 5,
      "92": 9,
      "93": 1,
      "94": 10,
      "95": 6,
      "96": 8,
      "97": 4,
      "98": 15,
      "99": 1
    }
  },
  "buffer_dir": "/home/chenyaofo/wanzhangqi/GuessWork2/outputs/p2_seed0/buffer",
  "adapted_checkpoint_path": "/home/chenyaofo/wanzhangqi/GuessWork2/outputs/p2_seed0/buffer/adapted_buftta_seed0.pth"
}
