2026-09-07 21:46:56,563 INFO root: Starting TTAudit P1 experiment
2026-09-07 21:46:56,563 INFO root: Config: {"seed": 0, "corruption": "gaussian_noise", "severity": 5, "member_count": 2000, "nonmember_count": 2000, "eval_count": 1000, "batch_size": 64, "adapt_lr": 0.001, "adapt_momentum": 0.9, "num_workers": 0, "pin_memory": true, "image_count_per_severity": 10000, "adaptation_rounds": [1, 2, 5, 10]}
2026-09-07 21:46:56,564 INFO root: Repo root: /home/chenyaofo/wanzhangqi/GuessWork2
2026-09-07 21:46:56,564 INFO root: Data root: /home/chenyaofo/mr/datasets/corruption/CIFAR-100-C
2026-09-07 21:46:56,564 INFO root: Checkpoint: /home/chenyaofo/wanzhangqi/GuessWork2/datasets/best_model.pth
2026-09-07 21:47:20,439 INFO root: Finished TTAudit P1 experiment
2026-09-07 21:47:20,440 INFO root: {
  "seed": 0,
  "dataset": "CIFAR-100-C",
  "corruption": "gaussian_noise",
  "severity": 5,
  "checkpoint_path": "/home/chenyaofo/wanzhangqi/GuessWork2/datasets/best_model.pth",
  "data_root": "/home/chenyaofo/mr/datasets/corruption/CIFAR-100-C",
  "run_dir": "/home/chenyaofo/wanzhangqi/GuessWork2/outputs/p1_seed0",
  "split_source": "/home/chenyaofo/wanzhangqi/GuessWork2/outputs/pilot_seed0/split_indices.npz",
  "rows": [
    {
      "system": "Tent",
      "rounds": 1,
      "round_dir": "/home/chenyaofo/wanzhangqi/GuessWork2/outputs/p1_seed0/round_1",
      "checkpoint_path": "/home/chenyaofo/wanzhangqi/GuessWork2/outputs/p1_seed0/round_1/adapted_tent_round1_seed0.pth",
      "source": {
        "score_ent_auc": 0.5022815,
        "score_conf_auc": 0.502911,
        "score_ce_auc": 0.49761175,
        "top1_eval": 11.7
      },
      "tent": {
        "score_ent_auc": 0.5095930000000001,
        "score_conf_auc": 0.51259,
        "score_ce_auc": 0.4996769999999999,
        "top1_eval": 41.2,
        "adapt_loss": 1.5085132420063019,
        "adapt_batches": 32.0
      }
    },
    {
      "system": "Tent",
      "rounds": 2,
      "round_dir": "/home/chenyaofo/wanzhangqi/GuessWork2/outputs/p1_seed0/round_2",
      "checkpoint_path": "/home/chenyaofo/wanzhangqi/GuessWork2/outputs/p1_seed0/round_2/adapted_tent_round2_seed0.pth",
      "source": {
        "score_ent_auc": 0.5022815,
        "score_conf_auc": 0.502911,
        "score_ce_auc": 0.49761175,
        "top1_eval": 11.7
      },
      "tent": {
        "score_ent_auc": 0.52379575,
        "score_conf_auc": 0.527067125,
        "score_ce_auc": 0.500633375,
        "top1_eval": 44.4,
        "adapt_loss": 1.4057092117145658,
        "adapt_batches": 64.0
      }
    },
    {
      "system": "Tent",
      "rounds": 5,
      "round_dir": "/home/chenyaofo/wanzhangqi/GuessWork2/outputs/p1_seed0/round_5",
      "checkpoint_path": "/home/chenyaofo/wanzhangqi/GuessWork2/outputs/p1_seed0/round_5/adapted_tent_round5_seed0.pth",
      "source": {
        "score_ent_auc": 0.5022815,
        "score_conf_auc": 0.502911,
        "score_ce_auc": 0.49761175,
        "top1_eval": 11.7
      },
      "tent": {
        "score_ent_auc": 0.550635,
        "score_conf_auc": 0.5530597500000001,
        "score_ce_auc": 0.5059075,
        "top1_eval": 49.4,
        "adapt_loss": 1.213206034898758,
        "adapt_batches": 160.0
      }
    },
    {
      "system": "Tent",
      "rounds": 10,
      "round_dir": "/home/chenyaofo/wanzhangqi/GuessWork2/outputs/p1_seed0/round_10",
      "checkpoint_path": "/home/chenyaofo/wanzhangqi/GuessWork2/outputs/p1_seed0/round_10/adapted_tent_round10_seed0.pth",
      "source": {
        "score_ent_auc": 0.5022815,
        "score_conf_auc": 0.502911,
        "score_ce_auc": 0.49761175,
        "top1_eval": 11.7
      },
      "tent": {
        "score_ent_auc": 0.5895255,
        "score_conf_auc": 0.591515125,
        "score_ce_auc": 0.507784125,
        "top1_eval": 49.7,
        "adapt_loss": 1.0387301828712225,
        "adapt_batches": 320.0
      }
    }
  ]
}
