2026-09-07 23:37:18,486 INFO root: Starting TTAudit P4 experiment
2026-09-07 23:37:18,486 INFO root: Config: {"seed": 0, "corruption": "gaussian_noise", "severity": 5, "member_count": 2000, "nonmember_count": 2000, "eval_count": 1000, "batch_size": 64, "adapt_lr": 0.001, "adapt_momentum": 0.9, "num_workers": 0, "pin_memory": true, "image_count_per_severity": 10000, "seeds": [0, 1, 2], "multipass_rounds": 10, "tail_member_count": 2, "mid_member_count": 10, "head_member_count": 40, "nonmember_per_class": 60, "include_clip_case": false, "clip_norm": 1.0}
2026-09-07 23:37:18,487 INFO root: Repo root: /home/chenyaofo/wanzhangqi/GuessWork2
2026-09-07 23:37:18,487 INFO root: Data root: /home/chenyaofo/mr/datasets/corruption/CIFAR-100-C
2026-09-07 23:37:18,487 INFO root: Checkpoint: /home/chenyaofo/wanzhangqi/GuessWork2/datasets/best_model.pth
2026-09-07 23:38:07,647 INFO root: Finished TTAudit P4 experiment
2026-09-07 23:38:07,651 INFO root: {
  "seeds": [
    0,
    1,
    2
  ],
  "seed_summaries": [
    {
      "seed": 0,
      "dataset": "CIFAR-100-C",
      "corruption": "gaussian_noise",
      "severity": 5,
      "checkpoint_path": "/home/chenyaofo/wanzhangqi/GuessWork2/datasets/best_model.pth",
      "data_root": "/home/chenyaofo/mr/datasets/corruption/CIFAR-100-C",
      "run_dir": "/home/chenyaofo/wanzhangqi/GuessWork2/outputs/p4/seed0",
      "split_source": "/home/chenyaofo/wanzhangqi/GuessWork2/outputs/pilot_seed0/split_indices.npz",
      "rows": [
        {
          "index": 3,
          "system": "Tent 10遍 BN+affine",
          "score_ent_auc": 0.6447222222222222,
          "score_conf_auc": 0.6633333333333334,
          "top1_eval": 50.0,
          "tail_minus_head": 0.05821909722222218,
          "remark": "",
          "bucket_metrics": {
            "tail": {
              "count": 120,
              "member_count": 60,
              "nonmember_count": 60,
              "score_ent_auc": 0.6447222222222222,
              "score_conf_auc": 0.6633333333333334,
              "score_ce_auc": 0.5463888888888889
            },
            "mid": {
              "count": 600,
              "member_count": 300,
              "nonmember_count": 300,
              "score_ent_auc": 0.6071666666666667,
              "score_conf_auc": 0.6172555555555554,
              "score_ce_auc": 0.5138444444444444
            },
            "head": {
              "count": 3200,
              "member_count": 1600,
              "nonmember_count": 1600,
              "score_ent_auc": 0.586503125,
              "score_conf_auc": 0.59103359375,
              "score_ce_auc": 0.485702734375
            }
          },
          "target": {
            "score_ent_auc": 0.5815582482993197,
            "score_conf_auc": 0.5873111819727891,
            "score_ce_auc": 0.487578443877551,
            "top1_eval": 50.0,
            "adapt_loss": 1.0738230409160736,
            "adapt_batches": 310.0
          },
          "case": "case_A_tent10"
        },
        {
          "index": 4,
          "system": "Tent 1遍 BN+affine",
          "score_ent_auc": 0.5791666666666667,
          "score_conf_auc": 0.6025,
          "top1_eval": 38.5,
          "tail_minus_head": 0.07621822916666676,
          "remark": "",
          "bucket_metrics": {
            "tail": {
              "count": 120,
              "member_count": 60,
              "nonmember_count": 60,
              "score_ent_auc": 0.5791666666666667,
              "score_conf_auc": 0.6025,
              "score_ce_auc": 0.5111111111111111
            },
            "mid": {
              "count": 600,
              "member_count": 300,
              "nonmember_count": 300,
              "score_ent_auc": 0.5247444444444445,
              "score_conf_auc": 0.5392888888888889,
              "score_ce_auc": 0.49145555555555553
            },
            "head": {
              "count": 3200,
              "member_count": 1600,
              "nonmember_count": 1600,
              "score_ent_auc": 0.5029484375,
              "score_conf_auc": 0.49859941406249997,
              "score_ce_auc": 0.4852376953125
            }
          },
          "target": {
            "score_ent_auc": 0.4841058673469387,
            "score_conf_auc": 0.4865703231292517,
            "score_ce_auc": 0.46826173469387755,
            "top1_eval": 38.5,
            "adapt_loss": 1.9139707203834289,
            "adapt_batches": 31.0
          },
          "case": "case_B_tent1"
        },
        {
          "index": 5,
          "system": "Tent 10遍 BN-only",
          "score_ent_auc": 0.5541666666666667,
          "score_conf_auc": 0.5705555555555555,
          "top1_eval": 36.3,
          "tail_minus_head": 0.06159713541666667,
          "remark": "关键行",
          "bucket_metrics": {
            "tail": {
              "count": 120,
              "member_count": 60,
              "nonmember_count": 60,
              "score_ent_auc": 0.5541666666666667,
              "score_conf_auc": 0.5705555555555555,
              "score_ce_auc": 0.5169444444444444
            },
            "mid": {
              "count": 600,
              "member_count": 300,
              "nonmember_count": 300,
              "score_ent_auc": 0.5022666666666666,
              "score_conf_auc": 0.5115888888888889,
              "score_ce_auc": 0.4972444444444445
            },
            "head": {
              "count": 3200,
              "member_count": 1600,
              "nonmember_count": 1600,
              "score_ent_auc": 0.49256953125,
              "score_conf_auc": 0.49338671874999995,
              "score_ce_auc": 0.48844062499999996
            }
          },
          "target": {
            "score_ent_auc": 0.47374387755102043,
            "score_conf_auc": 0.47998193027210884,
            "score_ce_auc": 0.47328511904761905,
            "top1_eval": 36.3,
            "adapt_loss": 1.595800530910492,
            "adapt_batches": 310.0
          },
          "case": "case_C_bn_only10"
        }
      ],
      "cases": [
        {
          "seed": 0,
          "dataset": "CIFAR-100-C",
          "corruption": "gaussian_noise",
          "severity": 5,
          "case": "case_A_tent10",
          "system": "Tent 10遍 BN+affine",
          "case_dir": "/home/chenyaofo/wanzhangqi/GuessWork2/outputs/p4/seed0/case_A_tent10",
          "checkpoint_path": "/home/chenyaofo/wanzhangqi/GuessWork2/outputs/p4/seed0/case_A_tent10/case_A_tent10_seed0.pth",
          "source": {
            "score_ent_auc": 0.48781981292517007,
            "score_conf_auc": 0.4889011904761905,
            "score_ce_auc": 0.4629607993197279,
            "top1_eval": 11.7
          },
          "target": {
            "score_ent_auc": 0.5815582482993197,
            "score_conf_auc": 0.5873111819727891,
            "score_ce_auc": 0.487578443877551,
            "top1_eval": 50.0,
            "adapt_loss": 1.0738230409160736,
            "adapt_batches": 310.0
          },
          "bucket_metrics": {
            "tail": {
              "count": 120,
              "member_count": 60,
              "nonmember_count": 60,
              "score_ent_auc": 0.6447222222222222,
              "score_conf_auc": 0.6633333333333334,
              "score_ce_auc": 0.5463888888888889
            },
            "mid": {
              "count": 600,
              "member_count": 300,
              "nonmember_count": 300,
              "score_ent_auc": 0.6071666666666667,
              "score_conf_auc": 0.6172555555555554,
              "score_ce_auc": 0.5138444444444444
            },
            "head": {
              "count": 3200,
              "member_count": 1600,
              "nonmember_count": 1600,
              "score_ent_auc": 0.586503125,
              "score_conf_auc": 0.59103359375,
              "score_ce_auc": 0.485702734375
            }
          },
          "tail_minus_head": 0.05821909722222218,
          "tail_minus_head_conf": 0.07229973958333347,
          "class_member_counts": {
            "26": 2,
            "86": 2,
            "2": 2,
            "55": 2,
            "75": 2,
            "93": 2,
            "16": 2,
            "73": 2,
            "54": 2,
            "95": 2,
            "53": 2,
            "92": 2,
            "78": 2,
            "13": 2,
            "7": 2,
            "30": 2,
            "22": 2,
            "24": 2,
            "33": 2,
            "8": 2,
            "43": 2,
            "62": 2,
            "3": 2,
            "71": 2,
            "45": 2,
            "48": 2,
            "6": 2,
            "99": 2,
            "82": 2,
            "76": 2,
            "60": 10,
            "80": 10,
            "90": 10,
            "68": 10,
            "51": 10,
            "27": 10,
            "18": 10,
            "56": 10,
            "63": 10,
            "74": 10,
            "1": 10,
            "61": 10,
            "42": 10,
            "41": 10,
            "4": 10,
            "15": 10,
            "17": 10,
            "40": 10,
            "38": 10,
            "5": 10,
            "91": 10,
            "59": 10,
            "0": 10,
            "34": 10,
            "28": 10,
            "50": 10,
            "11": 10,
            "35": 10,
            "23": 10,
            "52": 10,
            "10": 40,
            "31": 40,
            "66": 40,
            "57": 40,
            "79": 40,
            "85": 40,
            "32": 40,
            "84": 40,
            "14": 40,
            "89": 40,
            "19": 40,
            "29": 40,
            "49": 40,
            "97": 40,
            "98": 40,
            "69": 40,
            "20": 40,
            "94": 40,
            "72": 40,
            "77": 40,
            "25": 40,
            "37": 40,
            "81": 40,
            "46": 40,
            "39": 40,
            "65": 40,
            "58": 40,
            "12": 40,
            "88": 40,
            "70": 40,
            "87": 40,
            "36": 40,
            "21": 40,
            "83": 40,
            "9": 40,
            "96": 40,
            "67": 40,
            "64": 40,
            "47": 40,
            "44": 40
          },
          "class_groups": {
            "tail": [
              26,
              86,
              2,
              55,
              75,
              93,
              16,
              73,
              54,
              95,
              53,
              92,
              78,
              13,
              7,
              30,
              22,
              24,
              33,
              8,
              43,
              62,
              3,
              71,
              45,
              48,
              6,
              99,
              82,
              76
            ],
            "mid": [
              60,
              80,
              90,
              68,
              51,
              27,
              18,
              56,
              63,
              74,
              1,
              61,
              42,
              41,
              4,
              15,
              17,
              40,
              38,
              5,
              91,
              59,
              0,
              34,
              28,
              50,
              11,
              35,
              23,
              52
            ],
            "head": [
              10,
              31,
              66,
              57,
              79,
              85,
              32,
              84,
              14,
              89,
              19,
              29,
              49,
              97,
              98,
              69,
              20,
              94,
              72,
              77,
              25,
              37,
              81,
              46,
              39,
              65,
              58,
              12,
              88,
              70,
              87,
              36,
              21,
              83,
              9,
              96,
              67,
              64,
              47,
              44
            ]
          }
        },
        {
          "seed": 0,
          "dataset": "CIFAR-100-C",
          "corruption": "gaussian_noise",
          "severity": 5,
          "case": "case_B_tent1",
          "system": "Tent 1遍 BN+affine",
          "case_dir": "/home/chenyaofo/wanzhangqi/GuessWork2/outputs/p4/seed0/case_B_tent1",
          "checkpoint_path": "/home/chenyaofo/wanzhangqi/GuessWork2/outputs/p4/seed0/case_B_tent1/case_B_tent1_seed0.pth",
          "source": {
            "score_ent_auc": 0.48781981292517007,
            "score_conf_auc": 0.4889011904761905,
            "score_ce_auc": 0.4629607993197279,
            "top1_eval": 11.7
          },
          "target": {
            "score_ent_auc": 0.4841058673469387,
            "score_conf_auc": 0.4865703231292517,
            "score_ce_auc": 0.46826173469387755,
            "top1_eval": 38.5,
            "adapt_loss": 1.9139707203834289,
            "adapt_batches": 31.0
          },
          "bucket_metrics": {
            "tail": {
              "count": 120,
              "member_count": 60,
              "nonmember_count": 60,
              "score_ent_auc": 0.5791666666666667,
              "score_conf_auc": 0.6025,
              "score_ce_auc": 0.5111111111111111
            },
            "mid": {
              "count": 600,
              "member_count": 300,
              "nonmember_count": 300,
              "score_ent_auc": 0.5247444444444445,
              "score_conf_auc": 0.5392888888888889,
              "score_ce_auc": 0.49145555555555553
            },
            "head": {
              "count": 3200,
              "member_count": 1600,
              "nonmember_count": 1600,
              "score_ent_auc": 0.5029484375,
              "score_conf_auc": 0.49859941406249997,
              "score_ce_auc": 0.4852376953125
            }
          },
          "tail_minus_head": 0.07621822916666676,
          "tail_minus_head_conf": 0.10390058593750007,
          "class_member_counts": {
            "26": 2,
            "86": 2,
            "2": 2,
            "55": 2,
            "75": 2,
            "93": 2,
            "16": 2,
            "73": 2,
            "54": 2,
            "95": 2,
            "53": 2,
            "92": 2,
            "78": 2,
            "13": 2,
            "7": 2,
            "30": 2,
            "22": 2,
            "24": 2,
            "33": 2,
            "8": 2,
            "43": 2,
            "62": 2,
            "3": 2,
            "71": 2,
            "45": 2,
            "48": 2,
            "6": 2,
            "99": 2,
            "82": 2,
            "76": 2,
            "60": 10,
            "80": 10,
            "90": 10,
            "68": 10,
            "51": 10,
            "27": 10,
            "18": 10,
            "56": 10,
            "63": 10,
            "74": 10,
            "1": 10,
            "61": 10,
            "42": 10,
            "41": 10,
            "4": 10,
            "15": 10,
            "17": 10,
            "40": 10,
            "38": 10,
            "5": 10,
            "91": 10,
            "59": 10,
            "0": 10,
            "34": 10,
            "28": 10,
            "50": 10,
            "11": 10,
            "35": 10,
            "23": 10,
            "52": 10,
            "10": 40,
            "31": 40,
            "66": 40,
            "57": 40,
            "79": 40,
            "85": 40,
            "32": 40,
            "84": 40,
            "14": 40,
            "89": 40,
            "19": 40,
            "29": 40,
            "49": 40,
            "97": 40,
            "98": 40,
            "69": 40,
            "20": 40,
            "94": 40,
            "72": 40,
            "77": 40,
            "25": 40,
            "37": 40,
            "81": 40,
            "46": 40,
            "39": 40,
            "65": 40,
            "58": 40,
            "12": 40,
            "88": 40,
            "70": 40,
            "87": 40,
            "36": 40,
            "21": 40,
            "83": 40,
            "9": 40,
            "96": 40,
            "67": 40,
            "64": 40,
            "47": 40,
            "44": 40
          },
          "class_groups": {
            "tail": [
              26,
              86,
              2,
              55,
              75,
              93,
              16,
              73,
              54,
              95,
              53,
              92,
              78,
              13,
              7,
              30,
              22,
              24,
              33,
              8,
              43,
              62,
              3,
              71,
              45,
              48,
              6,
              99,
              82,
              76
            ],
            "mid": [
              60,
              80,
              90,
              68,
              51,
              27,
              18,
              56,
              63,
              74,
              1,
              61,
              42,
              41,
              4,
              15,
              17,
              40,
              38,
              5,
              91,
              59,
              0,
              34,
              28,
              50,
              11,
              35,
              23,
              52
            ],
            "head": [
              10,
              31,
              66,
              57,
              79,
              85,
              32,
              84,
              14,
              89,
              19,
              29,
              49,
              97,
              98,
              69,
              20,
              94,
              72,
              77,
              25,
              37,
              81,
              46,
              39,
              65,
              58,
              12,
              88,
              70,
              87,
              36,
              21,
              83,
              9,
              96,
              67,
              64,
              47,
              44
            ]
          }
        },
        {
          "seed": 0,
          "dataset": "CIFAR-100-C",
          "corruption": "gaussian_noise",
          "severity": 5,
          "case": "case_C_bn_only10",
          "system": "Tent 10遍 BN-only",
          "case_dir": "/home/chenyaofo/wanzhangqi/GuessWork2/outputs/p4/seed0/case_C_bn_only10",
          "checkpoint_path": "/home/chenyaofo/wanzhangqi/GuessWork2/outputs/p4/seed0/case_C_bn_only10/case_C_bn_only10_seed0.pth",
          "source": {
            "score_ent_auc": 0.48781981292517007,
            "score_conf_auc": 0.4889011904761905,
            "score_ce_auc": 0.4629607993197279,
            "top1_eval": 11.7
          },
          "target": {
            "score_ent_auc": 0.47374387755102043,
            "score_conf_auc": 0.47998193027210884,
            "score_ce_auc": 0.47328511904761905,
            "top1_eval": 36.3,
            "adapt_loss": 1.595800530910492,
            "adapt_batches": 310.0
          },
          "bucket_metrics": {
            "tail": {
              "count": 120,
              "member_count": 60,
              "nonmember_count": 60,
              "score_ent_auc": 0.5541666666666667,
              "score_conf_auc": 0.5705555555555555,
              "score_ce_auc": 0.5169444444444444
            },
            "mid": {
              "count": 600,
              "member_count": 300,
              "nonmember_count": 300,
              "score_ent_auc": 0.5022666666666666,
              "score_conf_auc": 0.5115888888888889,
              "score_ce_auc": 0.4972444444444445
            },
            "head": {
              "count": 3200,
              "member_count": 1600,
              "nonmember_count": 1600,
              "score_ent_auc": 0.49256953125,
              "score_conf_auc": 0.49338671874999995,
              "score_ce_auc": 0.48844062499999996
            }
          },
          "tail_minus_head": 0.06159713541666667,
          "tail_minus_head_conf": 0.07716883680555553,
          "class_member_counts": {
            "26": 2,
            "86": 2,
            "2": 2,
            "55": 2,
            "75": 2,
            "93": 2,
            "16": 2,
            "73": 2,
            "54": 2,
            "95": 2,
            "53": 2,
            "92": 2,
            "78": 2,
            "13": 2,
            "7": 2,
            "30": 2,
            "22": 2,
            "24": 2,
            "33": 2,
            "8": 2,
            "43": 2,
            "62": 2,
            "3": 2,
            "71": 2,
            "45": 2,
            "48": 2,
            "6": 2,
            "99": 2,
            "82": 2,
            "76": 2,
            "60": 10,
            "80": 10,
            "90": 10,
            "68": 10,
            "51": 10,
            "27": 10,
            "18": 10,
            "56": 10,
            "63": 10,
            "74": 10,
            "1": 10,
            "61": 10,
            "42": 10,
            "41": 10,
            "4": 10,
            "15": 10,
            "17": 10,
            "40": 10,
            "38": 10,
            "5": 10,
            "91": 10,
            "59": 10,
            "0": 10,
            "34": 10,
            "28": 10,
            "50": 10,
            "11": 10,
            "35": 10,
            "23": 10,
            "52": 10,
            "10": 40,
            "31": 40,
            "66": 40,
            "57": 40,
            "79": 40,
            "85": 40,
            "32": 40,
            "84": 40,
            "14": 40,
            "89": 40,
            "19": 40,
            "29": 40,
            "49": 40,
            "97": 40,
            "98": 40,
            "69": 40,
            "20": 40,
            "94": 40,
            "72": 40,
            "77": 40,
            "25": 40,
            "37": 40,
            "81": 40,
            "46": 40,
            "39": 40,
            "65": 40,
            "58": 40,
            "12": 40,
            "88": 40,
            "70": 40,
            "87": 40,
            "36": 40,
            "21": 40,
            "83": 40,
            "9": 40,
            "96": 40,
            "67": 40,
            "64": 40,
            "47": 40,
            "44": 40
          },
          "class_groups": {
            "tail": [
              26,
              86,
              2,
              55,
              75,
              93,
              16,
              73,
              54,
              95,
              53,
              92,
              78,
              13,
              7,
              30,
              22,
              24,
              33,
              8,
              43,
              62,
              3,
              71,
              45,
              48,
              6,
              99,
              82,
              76
            ],
            "mid": [
              60,
              80,
              90,
              68,
              51,
              27,
              18,
              56,
              63,
              74,
              1,
              61,
              42,
              41,
              4,
              15,
              17,
              40,
              38,
              5,
              91,
              59,
              0,
              34,
              28,
              50,
              11,
              35,
              23,
              52
            ],
            "head": [
              10,
              31,
              66,
              57,
              79,
              85,
              32,
              84,
              14,
              89,
              19,
              29,
              49,
              97,
              98,
              69,
              20,
              94,
              72,
              77,
              25,
              37,
              81,
              46,
              39,
              65,
              58,
              12,
              88,
              70,
              87,
              36,
              21,
              83,
              9,
              96,
              67,
              64,
              47,
              44
            ]
          },
          "adaptation": {
            "steps": 310,
            "rounds": 10,
            "frozen_affine": true
          }
        }
      ],
      "split_plan": {
        "class_member_counts": {
          "26": 2,
          "86": 2,
          "2": 2,
          "55": 2,
          "75": 2,
          "93": 2,
          "16": 2,
          "73": 2,
          "54": 2,
          "95": 2,
          "53": 2,
          "92": 2,
          "78": 2,
          "13": 2,
          "7": 2,
          "30": 2,
          "22": 2,
          "24": 2,
          "33": 2,
          "8": 2,
          "43": 2,
          "62": 2,
          "3": 2,
          "71": 2,
          "45": 2,
          "48": 2,
          "6": 2,
          "99": 2,
          "82": 2,
          "76": 2,
          "60": 10,
          "80": 10,
          "90": 10,
          "68": 10,
          "51": 10,
          "27": 10,
          "18": 10,
          "56": 10,
          "63": 10,
          "74": 10,
          "1": 10,
          "61": 10,
          "42": 10,
          "41": 10,
          "4": 10,
          "15": 10,
          "17": 10,
          "40": 10,
          "38": 10,
          "5": 10,
          "91": 10,
          "59": 10,
          "0": 10,
          "34": 10,
          "28": 10,
          "50": 10,
          "11": 10,
          "35": 10,
          "23": 10,
          "52": 10,
          "10": 40,
          "31": 40,
          "66": 40,
          "57": 40,
          "79": 40,
          "85": 40,
          "32": 40,
          "84": 40,
          "14": 40,
          "89": 40,
          "19": 40,
          "29": 40,
          "49": 40,
          "97": 40,
          "98": 40,
          "69": 40,
          "20": 40,
          "94": 40,
          "72": 40,
          "77": 40,
          "25": 40,
          "37": 40,
          "81": 40,
          "46": 40,
          "39": 40,
          "65": 40,
          "58": 40,
          "12": 40,
          "88": 40,
          "70": 40,
          "87": 40,
          "36": 40,
          "21": 40,
          "83": 40,
          "9": 40,
          "96": 40,
          "67": 40,
          "64": 40,
          "47": 40,
          "44": 40
        },
        "class_groups": {
          "tail": [
            26,
            86,
            2,
            55,
            75,
            93,
            16,
            73,
            54,
            95,
            53,
            92,
            78,
            13,
            7,
            30,
            22,
            24,
            33,
            8,
            43,
            62,
            3,
            71,
            45,
            48,
            6,
            99,
            82,
            76
          ],
          "mid": [
            60,
            80,
            90,
            68,
            51,
            27,
            18,
            56,
            63,
            74,
            1,
            61,
            42,
            41,
            4,
            15,
            17,
            40,
            38,
            5,
            91,
            59,
            0,
            34,
            28,
            50,
            11,
            35,
            23,
            52
          ],
          "head": [
            10,
            31,
            66,
            57,
            79,
            85,
            32,
            84,
            14,
            89,
            19,
            29,
            49,
            97,
            98,
            69,
            20,
            94,
            72,
            77,
            25,
            37,
            81,
            46,
            39,
            65,
            58,
            12,
            88,
            70,
            87,
            36,
            21,
            83,
            9,
            96,
            67,
            64,
            47,
            44
          ]
        },
        "member_count": 1960,
        "nonmember_count": 6000,
        "eval_count": 1000
      },
      "anchor_rows": [
        {
          "index": 0,
          "system": "Source",
          "score_ent_auc": 0.5022815,
          "score_conf_auc": 0.502911,
          "top1_eval": 11.7,
          "remark": "anchor"
        },
        {
          "index": 1,
          "system": "Tent 1遍 BN+affine",
          "score_ent_auc": 0.5095930000000001,
          "score_conf_auc": 0.51259,
          "top1_eval": 41.2,
          "remark": "anchor"
        },
        {
          "index": 2,
          "system": "Tent 10遍 BN+affine",
          "score_ent_auc": 0.5895255,
          "score_conf_auc": 0.591515125,
          "top1_eval": 49.7,
          "remark": "anchor"
        }
      ]
    },
    {
      "seed": 1,
      "dataset": "CIFAR-100-C",
      "corruption": "gaussian_noise",
      "severity": 5,
      "checkpoint_path": "/home/chenyaofo/wanzhangqi/GuessWork2/datasets/best_model.pth",
      "data_root": "/home/chenyaofo/mr/datasets/corruption/CIFAR-100-C",
      "run_dir": "/home/chenyaofo/wanzhangqi/GuessWork2/outputs/p4/seed1",
      "split_source": "/home/chenyaofo/wanzhangqi/GuessWork2/outputs/pilot_seed0/split_indices.npz",
      "rows": [
        {
          "index": 3,
          "system": "Tent 10遍 BN+affine",
          "score_ent_auc": 0.6333333333333333,
          "score_conf_auc": 0.6225,
          "top1_eval": 49.9,
          "tail_minus_head": 0.042439192708333295,
          "remark": "",
          "bucket_metrics": {
            "tail": {
              "count": 120,
              "member_count": 60,
              "nonmember_count": 60,
              "score_ent_auc": 0.6333333333333333,
              "score_conf_auc": 0.6225,
              "score_ce_auc": 0.5577777777777778
            },
            "mid": {
              "count": 600,
              "member_count": 300,
              "nonmember_count": 300,
              "score_ent_auc": 0.5956222222222222,
              "score_conf_auc": 0.6000111111111112,
              "score_ce_auc": 0.5078
            },
            "head": {
              "count": 3200,
              "member_count": 1600,
              "nonmember_count": 1600,
              "score_ent_auc": 0.590894140625,
              "score_conf_auc": 0.5927533203125,
              "score_ce_auc": 0.511
            }
          },
          "target": {
            "score_ent_auc": 0.6032247448979592,
            "score_conf_auc": 0.6046261054421769,
            "score_ce_auc": 0.52119375,
            "top1_eval": 49.9,
            "adapt_loss": 1.0216973147084636,
            "adapt_batches": 310.0
          },
          "case": "case_A_tent10"
        },
        {
          "index": 4,
          "system": "Tent 1遍 BN+affine",
          "score_ent_auc": 0.5641666666666667,
          "score_conf_auc": 0.5619444444444445,
          "top1_eval": 37.6,
          "tail_minus_head": 0.05895846354166667,
          "remark": "",
          "bucket_metrics": {
            "tail": {
              "count": 120,
              "member_count": 60,
              "nonmember_count": 60,
              "score_ent_auc": 0.5641666666666667,
              "score_conf_auc": 0.5619444444444445,
              "score_ce_auc": 0.5744444444444445
            },
            "mid": {
              "count": 600,
              "member_count": 300,
              "nonmember_count": 300,
              "score_ent_auc": 0.5101888888888889,
              "score_conf_auc": 0.5167055555555556,
              "score_ce_auc": 0.51965
            },
            "head": {
              "count": 3200,
              "member_count": 1600,
              "nonmember_count": 1600,
              "score_ent_auc": 0.505208203125,
              "score_conf_auc": 0.5059621093750001,
              "score_ce_auc": 0.5095421875
            }
          },
          "target": {
            "score_ent_auc": 0.5019903911564626,
            "score_conf_auc": 0.504473256802721,
            "score_ce_auc": 0.5004411989795918,
            "top1_eval": 37.6,
            "adapt_loss": 1.8972054796834146,
            "adapt_batches": 31.0
          },
          "case": "case_B_tent1"
        },
        {
          "index": 5,
          "system": "Tent 10遍 BN-only",
          "score_ent_auc": 0.5580555555555555,
          "score_conf_auc": 0.5694444444444444,
          "top1_eval": 36.6,
          "tail_minus_head": 0.05173250868055557,
          "remark": "关键行",
          "bucket_metrics": {
            "tail": {
              "count": 120,
              "member_count": 60,
              "nonmember_count": 60,
              "score_ent_auc": 0.5580555555555555,
              "score_conf_auc": 0.5694444444444444,
              "score_ce_auc": 0.5813888888888888
            },
            "mid": {
              "count": 600,
              "member_count": 300,
              "nonmember_count": 300,
              "score_ent_auc": 0.4996333333333334,
              "score_conf_auc": 0.5016666666666666,
              "score_ce_auc": 0.5220111111111111
            },
            "head": {
              "count": 3200,
              "member_count": 1600,
              "nonmember_count": 1600,
              "score_ent_auc": 0.506323046875,
              "score_conf_auc": 0.50924453125,
              "score_ce_auc": 0.509235546875
            }
          },
          "target": {
            "score_ent_auc": 0.49903350340136055,
            "score_conf_auc": 0.5004289540816326,
            "score_ce_auc": 0.501399574829932,
            "top1_eval": 36.6,
            "adapt_loss": 1.5304714387462985,
            "adapt_batches": 310.0
          },
          "case": "case_C_bn_only10"
        }
      ],
      "cases": [
        {
          "seed": 1,
          "dataset": "CIFAR-100-C",
          "corruption": "gaussian_noise",
          "severity": 5,
          "case": "case_A_tent10",
          "system": "Tent 10遍 BN+affine",
          "case_dir": "/home/chenyaofo/wanzhangqi/GuessWork2/outputs/p4/seed1/case_A_tent10",
          "checkpoint_path": "/home/chenyaofo/wanzhangqi/GuessWork2/outputs/p4/seed1/case_A_tent10/case_A_tent10_seed1.pth",
          "source": {
            "score_ent_auc": 0.4845611394557824,
            "score_conf_auc": 0.48384323979591837,
            "score_ce_auc": 0.5116401360544218,
            "top1_eval": 11.7
          },
          "target": {
            "score_ent_auc": 0.6032247448979592,
            "score_conf_auc": 0.6046261054421769,
            "score_ce_auc": 0.52119375,
            "top1_eval": 49.9,
            "adapt_loss": 1.0216973147084636,
            "adapt_batches": 310.0
          },
          "bucket_metrics": {
            "tail": {
              "count": 120,
              "member_count": 60,
              "nonmember_count": 60,
              "score_ent_auc": 0.6333333333333333,
              "score_conf_auc": 0.6225,
              "score_ce_auc": 0.5577777777777778
            },
            "mid": {
              "count": 600,
              "member_count": 300,
              "nonmember_count": 300,
              "score_ent_auc": 0.5956222222222222,
              "score_conf_auc": 0.6000111111111112,
              "score_ce_auc": 0.5078
            },
            "head": {
              "count": 3200,
              "member_count": 1600,
              "nonmember_count": 1600,
              "score_ent_auc": 0.590894140625,
              "score_conf_auc": 0.5927533203125,
              "score_ce_auc": 0.511
            }
          },
          "tail_minus_head": 0.042439192708333295,
          "tail_minus_head_conf": 0.0297466796875,
          "class_member_counts": {
            "80": 2,
            "84": 2,
            "33": 2,
            "81": 2,
            "93": 2,
            "17": 2,
            "36": 2,
            "82": 2,
            "69": 2,
            "65": 2,
            "92": 2,
            "39": 2,
            "56": 2,
            "52": 2,
            "51": 2,
            "32": 2,
            "31": 2,
            "44": 2,
            "78": 2,
            "10": 2,
            "2": 2,
            "73": 2,
            "97": 2,
            "62": 2,
            "19": 2,
            "35": 2,
            "94": 2,
            "27": 2,
            "46": 2,
            "38": 2,
            "67": 10,
            "99": 10,
            "54": 10,
            "95": 10,
            "88": 10,
            "40": 10,
            "48": 10,
            "59": 10,
            "23": 10,
            "34": 10,
            "86": 10,
            "53": 10,
            "77": 10,
            "15": 10,
            "83": 10,
            "41": 10,
            "45": 10,
            "91": 10,
            "26": 10,
            "98": 10,
            "43": 10,
            "55": 10,
            "24": 10,
            "4": 10,
            "58": 10,
            "49": 10,
            "21": 10,
            "87": 10,
            "3": 10,
            "74": 10,
            "30": 40,
            "66": 40,
            "70": 40,
            "42": 40,
            "47": 40,
            "89": 40,
            "8": 40,
            "60": 40,
            "0": 40,
            "90": 40,
            "57": 40,
            "22": 40,
            "61": 40,
            "63": 40,
            "7": 40,
            "96": 40,
            "13": 40,
            "68": 40,
            "85": 40,
            "14": 40,
            "29": 40,
            "28": 40,
            "11": 40,
            "18": 40,
            "20": 40,
            "50": 40,
            "25": 40,
            "6": 40,
            "71": 40,
            "76": 40,
            "1": 40,
            "16": 40,
            "64": 40,
            "79": 40,
            "5": 40,
            "75": 40,
            "9": 40,
            "72": 40,
            "12": 40,
            "37": 40
          },
          "class_groups": {
            "tail": [
              80,
              84,
              33,
              81,
              93,
              17,
              36,
              82,
              69,
              65,
              92,
              39,
              56,
              52,
              51,
              32,
              31,
              44,
              78,
              10,
              2,
              73,
              97,
              62,
              19,
              35,
              94,
              27,
              46,
              38
            ],
            "mid": [
              67,
              99,
              54,
              95,
              88,
              40,
              48,
              59,
              23,
              34,
              86,
              53,
              77,
              15,
              83,
              41,
              45,
              91,
              26,
              98,
              43,
              55,
              24,
              4,
              58,
              49,
              21,
              87,
              3,
              74
            ],
            "head": [
              30,
              66,
              70,
              42,
              47,
              89,
              8,
              60,
              0,
              90,
              57,
              22,
              61,
              63,
              7,
              96,
              13,
              68,
              85,
              14,
              29,
              28,
              11,
              18,
              20,
              50,
              25,
              6,
              71,
              76,
              1,
              16,
              64,
              79,
              5,
              75,
              9,
              72,
              12,
              37
            ]
          }
        },
        {
          "seed": 1,
          "dataset": "CIFAR-100-C",
          "corruption": "gaussian_noise",
          "severity": 5,
          "case": "case_B_tent1",
          "system": "Tent 1遍 BN+affine",
          "case_dir": "/home/chenyaofo/wanzhangqi/GuessWork2/outputs/p4/seed1/case_B_tent1",
          "checkpoint_path": "/home/chenyaofo/wanzhangqi/GuessWork2/outputs/p4/seed1/case_B_tent1/case_B_tent1_seed1.pth",
          "source": {
            "score_ent_auc": 0.4845611394557824,
            "score_conf_auc": 0.48384323979591837,
            "score_ce_auc": 0.5116401360544218,
            "top1_eval": 11.7
          },
          "target": {
            "score_ent_auc": 0.5019903911564626,
            "score_conf_auc": 0.504473256802721,
            "score_ce_auc": 0.5004411989795918,
            "top1_eval": 37.6,
            "adapt_loss": 1.8972054796834146,
            "adapt_batches": 31.0
          },
          "bucket_metrics": {
            "tail": {
              "count": 120,
              "member_count": 60,
              "nonmember_count": 60,
              "score_ent_auc": 0.5641666666666667,
              "score_conf_auc": 0.5619444444444445,
              "score_ce_auc": 0.5744444444444445
            },
            "mid": {
              "count": 600,
              "member_count": 300,
              "nonmember_count": 300,
              "score_ent_auc": 0.5101888888888889,
              "score_conf_auc": 0.5167055555555556,
              "score_ce_auc": 0.51965
            },
            "head": {
              "count": 3200,
              "member_count": 1600,
              "nonmember_count": 1600,
              "score_ent_auc": 0.505208203125,
              "score_conf_auc": 0.5059621093750001,
              "score_ce_auc": 0.5095421875
            }
          },
          "tail_minus_head": 0.05895846354166667,
          "tail_minus_head_conf": 0.05598233506944439,
          "class_member_counts": {
            "80": 2,
            "84": 2,
            "33": 2,
            "81": 2,
            "93": 2,
            "17": 2,
            "36": 2,
            "82": 2,
            "69": 2,
            "65": 2,
            "92": 2,
            "39": 2,
            "56": 2,
            "52": 2,
            "51": 2,
            "32": 2,
            "31": 2,
            "44": 2,
            "78": 2,
            "10": 2,
            "2": 2,
            "73": 2,
            "97": 2,
            "62": 2,
            "19": 2,
            "35": 2,
            "94": 2,
            "27": 2,
            "46": 2,
            "38": 2,
            "67": 10,
            "99": 10,
            "54": 10,
            "95": 10,
            "88": 10,
            "40": 10,
            "48": 10,
            "59": 10,
            "23": 10,
            "34": 10,
            "86": 10,
            "53": 10,
            "77": 10,
            "15": 10,
            "83": 10,
            "41": 10,
            "45": 10,
            "91": 10,
            "26": 10,
            "98": 10,
            "43": 10,
            "55": 10,
            "24": 10,
            "4": 10,
            "58": 10,
            "49": 10,
            "21": 10,
            "87": 10,
            "3": 10,
            "74": 10,
            "30": 40,
            "66": 40,
            "70": 40,
            "42": 40,
            "47": 40,
            "89": 40,
            "8": 40,
            "60": 40,
            "0": 40,
            "90": 40,
            "57": 40,
            "22": 40,
            "61": 40,
            "63": 40,
            "7": 40,
            "96": 40,
            "13": 40,
            "68": 40,
            "85": 40,
            "14": 40,
            "29": 40,
            "28": 40,
            "11": 40,
            "18": 40,
            "20": 40,
            "50": 40,
            "25": 40,
            "6": 40,
            "71": 40,
            "76": 40,
            "1": 40,
            "16": 40,
            "64": 40,
            "79": 40,
            "5": 40,
            "75": 40,
            "9": 40,
            "72": 40,
            "12": 40,
            "37": 40
          },
          "class_groups": {
            "tail": [
              80,
              84,
              33,
              81,
              93,
              17,
              36,
              82,
              69,
              65,
              92,
              39,
              56,
              52,
              51,
              32,
              31,
              44,
              78,
              10,
              2,
              73,
              97,
              62,
              19,
              35,
              94,
              27,
              46,
              38
            ],
            "mid": [
              67,
              99,
              54,
              95,
              88,
              40,
              48,
              59,
              23,
              34,
              86,
              53,
              77,
              15,
              83,
              41,
              45,
              91,
              26,
              98,
              43,
              55,
              24,
              4,
              58,
              49,
              21,
              87,
              3,
              74
            ],
            "head": [
              30,
              66,
              70,
              42,
              47,
              89,
              8,
              60,
              0,
              90,
              57,
              22,
              61,
              63,
              7,
              96,
              13,
              68,
              85,
              14,
              29,
              28,
              11,
              18,
              20,
              50,
              25,
              6,
              71,
              76,
              1,
              16,
              64,
              79,
              5,
              75,
              9,
              72,
              12,
              37
            ]
          }
        },
        {
          "seed": 1,
          "dataset": "CIFAR-100-C",
          "corruption": "gaussian_noise",
          "severity": 5,
          "case": "case_C_bn_only10",
          "system": "Tent 10遍 BN-only",
          "case_dir": "/home/chenyaofo/wanzhangqi/GuessWork2/outputs/p4/seed1/case_C_bn_only10",
          "checkpoint_path": "/home/chenyaofo/wanzhangqi/GuessWork2/outputs/p4/seed1/case_C_bn_only10/case_C_bn_only10_seed1.pth",
          "source": {
            "score_ent_auc": 0.4845611394557824,
            "score_conf_auc": 0.48384323979591837,
            "score_ce_auc": 0.5116401360544218,
            "top1_eval": 11.7
          },
          "target": {
            "score_ent_auc": 0.49903350340136055,
            "score_conf_auc": 0.5004289540816326,
            "score_ce_auc": 0.501399574829932,
            "top1_eval": 36.6,
            "adapt_loss": 1.5304714387462985,
            "adapt_batches": 310.0
          },
          "bucket_metrics": {
            "tail": {
              "count": 120,
              "member_count": 60,
              "nonmember_count": 60,
              "score_ent_auc": 0.5580555555555555,
              "score_conf_auc": 0.5694444444444444,
              "score_ce_auc": 0.5813888888888888
            },
            "mid": {
              "count": 600,
              "member_count": 300,
              "nonmember_count": 300,
              "score_ent_auc": 0.4996333333333334,
              "score_conf_auc": 0.5016666666666666,
              "score_ce_auc": 0.5220111111111111
            },
            "head": {
              "count": 3200,
              "member_count": 1600,
              "nonmember_count": 1600,
              "score_ent_auc": 0.506323046875,
              "score_conf_auc": 0.50924453125,
              "score_ce_auc": 0.509235546875
            }
          },
          "tail_minus_head": 0.05173250868055557,
          "tail_minus_head_conf": 0.0601999131944444,
          "class_member_counts": {
            "80": 2,
            "84": 2,
            "33": 2,
            "81": 2,
            "93": 2,
            "17": 2,
            "36": 2,
            "82": 2,
            "69": 2,
            "65": 2,
            "92": 2,
            "39": 2,
            "56": 2,
            "52": 2,
            "51": 2,
            "32": 2,
            "31": 2,
            "44": 2,
            "78": 2,
            "10": 2,
            "2": 2,
            "73": 2,
            "97": 2,
            "62": 2,
            "19": 2,
            "35": 2,
            "94": 2,
            "27": 2,
            "46": 2,
            "38": 2,
            "67": 10,
            "99": 10,
            "54": 10,
            "95": 10,
            "88": 10,
            "40": 10,
            "48": 10,
            "59": 10,
            "23": 10,
            "34": 10,
            "86": 10,
            "53": 10,
            "77": 10,
            "15": 10,
            "83": 10,
            "41": 10,
            "45": 10,
            "91": 10,
            "26": 10,
            "98": 10,
            "43": 10,
            "55": 10,
            "24": 10,
            "4": 10,
            "58": 10,
            "49": 10,
            "21": 10,
            "87": 10,
            "3": 10,
            "74": 10,
            "30": 40,
            "66": 40,
            "70": 40,
            "42": 40,
            "47": 40,
            "89": 40,
            "8": 40,
            "60": 40,
            "0": 40,
            "90": 40,
            "57": 40,
            "22": 40,
            "61": 40,
            "63": 40,
            "7": 40,
            "96": 40,
            "13": 40,
            "68": 40,
            "85": 40,
            "14": 40,
            "29": 40,
            "28": 40,
            "11": 40,
            "18": 40,
            "20": 40,
            "50": 40,
            "25": 40,
            "6": 40,
            "71": 40,
            "76": 40,
            "1": 40,
            "16": 40,
            "64": 40,
            "79": 40,
            "5": 40,
            "75": 40,
            "9": 40,
            "72": 40,
            "12": 40,
            "37": 40
          },
          "class_groups": {
            "tail": [
              80,
              84,
              33,
              81,
              93,
              17,
              36,
              82,
              69,
              65,
              92,
              39,
              56,
              52,
              51,
              32,
              31,
              44,
              78,
              10,
              2,
              73,
              97,
              62,
              19,
              35,
              94,
              27,
              46,
              38
            ],
            "mid": [
              67,
              99,
              54,
              95,
              88,
              40,
              48,
              59,
              23,
              34,
              86,
              53,
              77,
              15,
              83,
              41,
              45,
              91,
              26,
              98,
              43,
              55,
              24,
              4,
              58,
              49,
              21,
              87,
              3,
              74
            ],
            "head": [
              30,
              66,
              70,
              42,
              47,
              89,
              8,
              60,
              0,
              90,
              57,
              22,
              61,
              63,
              7,
              96,
              13,
              68,
              85,
              14,
              29,
              28,
              11,
              18,
              20,
              50,
              25,
              6,
              71,
              76,
              1,
              16,
              64,
              79,
              5,
              75,
              9,
              72,
              12,
              37
            ]
          },
          "adaptation": {
            "steps": 310,
            "rounds": 10,
            "frozen_affine": true
          }
        }
      ],
      "split_plan": {
        "class_member_counts": {
          "80": 2,
          "84": 2,
          "33": 2,
          "81": 2,
          "93": 2,
          "17": 2,
          "36": 2,
          "82": 2,
          "69": 2,
          "65": 2,
          "92": 2,
          "39": 2,
          "56": 2,
          "52": 2,
          "51": 2,
          "32": 2,
          "31": 2,
          "44": 2,
          "78": 2,
          "10": 2,
          "2": 2,
          "73": 2,
          "97": 2,
          "62": 2,
          "19": 2,
          "35": 2,
          "94": 2,
          "27": 2,
          "46": 2,
          "38": 2,
          "67": 10,
          "99": 10,
          "54": 10,
          "95": 10,
          "88": 10,
          "40": 10,
          "48": 10,
          "59": 10,
          "23": 10,
          "34": 10,
          "86": 10,
          "53": 10,
          "77": 10,
          "15": 10,
          "83": 10,
          "41": 10,
          "45": 10,
          "91": 10,
          "26": 10,
          "98": 10,
          "43": 10,
          "55": 10,
          "24": 10,
          "4": 10,
          "58": 10,
          "49": 10,
          "21": 10,
          "87": 10,
          "3": 10,
          "74": 10,
          "30": 40,
          "66": 40,
          "70": 40,
          "42": 40,
          "47": 40,
          "89": 40,
          "8": 40,
          "60": 40,
          "0": 40,
          "90": 40,
          "57": 40,
          "22": 40,
          "61": 40,
          "63": 40,
          "7": 40,
          "96": 40,
          "13": 40,
          "68": 40,
          "85": 40,
          "14": 40,
          "29": 40,
          "28": 40,
          "11": 40,
          "18": 40,
          "20": 40,
          "50": 40,
          "25": 40,
          "6": 40,
          "71": 40,
          "76": 40,
          "1": 40,
          "16": 40,
          "64": 40,
          "79": 40,
          "5": 40,
          "75": 40,
          "9": 40,
          "72": 40,
          "12": 40,
          "37": 40
        },
        "class_groups": {
          "tail": [
            80,
            84,
            33,
            81,
            93,
            17,
            36,
            82,
            69,
            65,
            92,
            39,
            56,
            52,
            51,
            32,
            31,
            44,
            78,
            10,
            2,
            73,
            97,
            62,
            19,
            35,
            94,
            27,
            46,
            38
          ],
          "mid": [
            67,
            99,
            54,
            95,
            88,
            40,
            48,
            59,
            23,
            34,
            86,
            53,
            77,
            15,
            83,
            41,
            45,
            91,
            26,
            98,
            43,
            55,
            24,
            4,
            58,
            49,
            21,
            87,
            3,
            74
          ],
          "head": [
            30,
            66,
            70,
            42,
            47,
            89,
            8,
            60,
            0,
            90,
            57,
            22,
            61,
            63,
            7,
            96,
            13,
            68,
            85,
            14,
            29,
            28,
            11,
            18,
            20,
            50,
            25,
            6,
            71,
            76,
            1,
            16,
            64,
            79,
            5,
            75,
            9,
            72,
            12,
            37
          ]
        },
        "member_count": 1960,
        "nonmember_count": 6000,
        "eval_count": 1000
      },
      "anchor_rows": [
        {
          "index": 0,
          "system": "Source",
          "score_ent_auc": 0.5022815,
          "score_conf_auc": 0.502911,
          "top1_eval": 11.7,
          "remark": "anchor"
        },
        {
          "index": 1,
          "system": "Tent 1遍 BN+affine",
          "score_ent_auc": 0.5095930000000001,
          "score_conf_auc": 0.51259,
          "top1_eval": 41.2,
          "remark": "anchor"
        },
        {
          "index": 2,
          "system": "Tent 10遍 BN+affine",
          "score_ent_auc": 0.5895255,
          "score_conf_auc": 0.591515125,
          "top1_eval": 49.7,
          "remark": "anchor"
        }
      ]
    },
    {
      "seed": 2,
      "dataset": "CIFAR-100-C",
      "corruption": "gaussian_noise",
      "severity": 5,
      "checkpoint_path": "/home/chenyaofo/wanzhangqi/GuessWork2/datasets/best_model.pth",
      "data_root": "/home/chenyaofo/mr/datasets/corruption/CIFAR-100-C",
      "run_dir": "/home/chenyaofo/wanzhangqi/GuessWork2/outputs/p4/seed2",
      "split_source": "/home/chenyaofo/wanzhangqi/GuessWork2/outputs/pilot_seed0/split_indices.npz",
      "rows": [
        {
          "index": 3,
          "system": "Tent 10遍 BN+affine",
          "score_ent_auc": 0.6358333333333334,
          "score_conf_auc": 0.6427777777777778,
          "top1_eval": 49.6,
          "tail_minus_head": 0.06007708333333339,
          "remark": "",
          "bucket_metrics": {
            "tail": {
              "count": 120,
              "member_count": 60,
              "nonmember_count": 60,
              "score_ent_auc": 0.6358333333333334,
              "score_conf_auc": 0.6427777777777778,
              "score_ce_auc": 0.5183333333333333
            },
            "mid": {
              "count": 600,
              "member_count": 300,
              "nonmember_count": 300,
              "score_ent_auc": 0.5503333333333333,
              "score_conf_auc": 0.5536000000000001,
              "score_ce_auc": 0.4698333333333333
            },
            "head": {
              "count": 3200,
              "member_count": 1600,
              "nonmember_count": 1600,
              "score_ent_auc": 0.57575625,
              "score_conf_auc": 0.5760208984375,
              "score_ce_auc": 0.48915078125
            }
          },
          "target": {
            "score_ent_auc": 0.5810374149659864,
            "score_conf_auc": 0.5830189200680271,
            "score_ce_auc": 0.4991381802721088,
            "top1_eval": 49.6,
            "adapt_loss": 1.0632191673401863,
            "adapt_batches": 310.0
          },
          "case": "case_A_tent10"
        },
        {
          "index": 4,
          "system": "Tent 1遍 BN+affine",
          "score_ent_auc": 0.45611111111111113,
          "score_conf_auc": 0.4725,
          "top1_eval": 38.5,
          "tail_minus_head": -0.04196388888888891,
          "remark": "",
          "bucket_metrics": {
            "tail": {
              "count": 120,
              "member_count": 60,
              "nonmember_count": 60,
              "score_ent_auc": 0.45611111111111113,
              "score_conf_auc": 0.4725,
              "score_ce_auc": 0.4861111111111111
            },
            "mid": {
              "count": 600,
              "member_count": 300,
              "nonmember_count": 300,
              "score_ent_auc": 0.47325555555555554,
              "score_conf_auc": 0.4735666666666667,
              "score_ce_auc": 0.45615555555555554
            },
            "head": {
              "count": 3200,
              "member_count": 1600,
              "nonmember_count": 1600,
              "score_ent_auc": 0.49807500000000005,
              "score_conf_auc": 0.49436289062499994,
              "score_ce_auc": 0.48029414062500003
            }
          },
          "target": {
            "score_ent_auc": 0.48926437074829937,
            "score_conf_auc": 0.4873409013605442,
            "score_ce_auc": 0.48372971938775516,
            "top1_eval": 38.5,
            "adapt_loss": 1.9476604000214608,
            "adapt_batches": 31.0
          },
          "case": "case_B_tent1"
        },
        {
          "index": 5,
          "system": "Tent 10遍 BN-only",
          "score_ent_auc": 0.42833333333333334,
          "score_conf_auc": 0.46416666666666667,
          "top1_eval": 36.7,
          "tail_minus_head": -0.06287721354166664,
          "remark": "关键行",
          "bucket_metrics": {
            "tail": {
              "count": 120,
              "member_count": 60,
              "nonmember_count": 60,
              "score_ent_auc": 0.42833333333333334,
              "score_conf_auc": 0.46416666666666667,
              "score_ce_auc": 0.49388888888888893
            },
            "mid": {
              "count": 600,
              "member_count": 300,
              "nonmember_count": 300,
              "score_ent_auc": 0.4765555555555555,
              "score_conf_auc": 0.4778222222222222,
              "score_ce_auc": 0.45428888888888885
            },
            "head": {
              "count": 3200,
              "member_count": 1600,
              "nonmember_count": 1600,
              "score_ent_auc": 0.491210546875,
              "score_conf_auc": 0.4862568359375,
              "score_ce_auc": 0.4794955078125
            }
          },
          "target": {
            "score_ent_auc": 0.4792950680272109,
            "score_conf_auc": 0.47882789115646257,
            "score_ce_auc": 0.47967108843537415,
            "top1_eval": 36.7,
            "adapt_loss": 1.5805499422934748,
            "adapt_batches": 310.0
          },
          "case": "case_C_bn_only10"
        }
      ],
      "cases": [
        {
          "seed": 2,
          "dataset": "CIFAR-100-C",
          "corruption": "gaussian_noise",
          "severity": 5,
          "case": "case_A_tent10",
          "system": "Tent 10遍 BN+affine",
          "case_dir": "/home/chenyaofo/wanzhangqi/GuessWork2/outputs/p4/seed2/case_A_tent10",
          "checkpoint_path": "/home/chenyaofo/wanzhangqi/GuessWork2/outputs/p4/seed2/case_A_tent10/case_A_tent10_seed2.pth",
          "source": {
            "score_ent_auc": 0.5112050170068028,
            "score_conf_auc": 0.5106009778911564,
            "score_ce_auc": 0.47759187925170066,
            "top1_eval": 11.7
          },
          "target": {
            "score_ent_auc": 0.5810374149659864,
            "score_conf_auc": 0.5830189200680271,
            "score_ce_auc": 0.4991381802721088,
            "top1_eval": 49.6,
            "adapt_loss": 1.0632191673401863,
            "adapt_batches": 310.0
          },
          "bucket_metrics": {
            "tail": {
              "count": 120,
              "member_count": 60,
              "nonmember_count": 60,
              "score_ent_auc": 0.6358333333333334,
              "score_conf_auc": 0.6427777777777778,
              "score_ce_auc": 0.5183333333333333
            },
            "mid": {
              "count": 600,
              "member_count": 300,
              "nonmember_count": 300,
              "score_ent_auc": 0.5503333333333333,
              "score_conf_auc": 0.5536000000000001,
              "score_ce_auc": 0.4698333333333333
            },
            "head": {
              "count": 3200,
              "member_count": 1600,
              "nonmember_count": 1600,
              "score_ent_auc": 0.57575625,
              "score_conf_auc": 0.5760208984375,
              "score_ce_auc": 0.48915078125
            }
          },
          "tail_minus_head": 0.06007708333333339,
          "tail_minus_head_conf": 0.06675687934027774,
          "class_member_counts": {
            "83": 2,
            "30": 2,
            "56": 2,
            "24": 2,
            "16": 2,
            "23": 2,
            "2": 2,
            "27": 2,
            "28": 2,
            "13": 2,
            "99": 2,
            "92": 2,
            "76": 2,
            "14": 2,
            "0": 2,
            "21": 2,
            "3": 2,
            "29": 2,
            "61": 2,
            "79": 2,
            "35": 2,
            "11": 2,
            "84": 2,
            "44": 2,
            "73": 2,
            "5": 2,
            "25": 2,
            "77": 2,
            "74": 2,
            "62": 2,
            "65": 10,
            "1": 10,
            "18": 10,
            "48": 10,
            "36": 10,
            "78": 10,
            "6": 10,
            "89": 10,
            "91": 10,
            "10": 10,
            "12": 10,
            "53": 10,
            "87": 10,
            "54": 10,
            "95": 10,
            "32": 10,
            "19": 10,
            "26": 10,
            "60": 10,
            "55": 10,
            "9": 10,
            "96": 10,
            "17": 10,
            "59": 10,
            "57": 10,
            "41": 10,
            "64": 10,
            "45": 10,
            "97": 10,
            "8": 10,
            "71": 40,
            "94": 40,
            "90": 40,
            "98": 40,
            "86": 40,
            "80": 40,
            "50": 40,
            "52": 40,
            "66": 40,
            "88": 40,
            "70": 40,
            "46": 40,
            "68": 40,
            "69": 40,
            "81": 40,
            "58": 40,
            "33": 40,
            "38": 40,
            "51": 40,
            "42": 40,
            "4": 40,
            "67": 40,
            "39": 40,
            "37": 40,
            "20": 40,
            "31": 40,
            "63": 40,
            "47": 40,
            "85": 40,
            "93": 40,
            "49": 40,
            "34": 40,
            "7": 40,
            "75": 40,
            "82": 40,
            "43": 40,
            "22": 40,
            "72": 40,
            "15": 40,
            "40": 40
          },
          "class_groups": {
            "tail": [
              83,
              30,
              56,
              24,
              16,
              23,
              2,
              27,
              28,
              13,
              99,
              92,
              76,
              14,
              0,
              21,
              3,
              29,
              61,
              79,
              35,
              11,
              84,
              44,
              73,
              5,
              25,
              77,
              74,
              62
            ],
            "mid": [
              65,
              1,
              18,
              48,
              36,
              78,
              6,
              89,
              91,
              10,
              12,
              53,
              87,
              54,
              95,
              32,
              19,
              26,
              60,
              55,
              9,
              96,
              17,
              59,
              57,
              41,
              64,
              45,
              97,
              8
            ],
            "head": [
              71,
              94,
              90,
              98,
              86,
              80,
              50,
              52,
              66,
              88,
              70,
              46,
              68,
              69,
              81,
              58,
              33,
              38,
              51,
              42,
              4,
              67,
              39,
              37,
              20,
              31,
              63,
              47,
              85,
              93,
              49,
              34,
              7,
              75,
              82,
              43,
              22,
              72,
              15,
              40
            ]
          }
        },
        {
          "seed": 2,
          "dataset": "CIFAR-100-C",
          "corruption": "gaussian_noise",
          "severity": 5,
          "case": "case_B_tent1",
          "system": "Tent 1遍 BN+affine",
          "case_dir": "/home/chenyaofo/wanzhangqi/GuessWork2/outputs/p4/seed2/case_B_tent1",
          "checkpoint_path": "/home/chenyaofo/wanzhangqi/GuessWork2/outputs/p4/seed2/case_B_tent1/case_B_tent1_seed2.pth",
          "source": {
            "score_ent_auc": 0.5112050170068028,
            "score_conf_auc": 0.5106009778911564,
            "score_ce_auc": 0.47759187925170066,
            "top1_eval": 11.7
          },
          "target": {
            "score_ent_auc": 0.48926437074829937,
            "score_conf_auc": 0.4873409013605442,
            "score_ce_auc": 0.48372971938775516,
            "top1_eval": 38.5,
            "adapt_loss": 1.9476604000214608,
            "adapt_batches": 31.0
          },
          "bucket_metrics": {
            "tail": {
              "count": 120,
              "member_count": 60,
              "nonmember_count": 60,
              "score_ent_auc": 0.45611111111111113,
              "score_conf_auc": 0.4725,
              "score_ce_auc": 0.4861111111111111
            },
            "mid": {
              "count": 600,
              "member_count": 300,
              "nonmember_count": 300,
              "score_ent_auc": 0.47325555555555554,
              "score_conf_auc": 0.4735666666666667,
              "score_ce_auc": 0.45615555555555554
            },
            "head": {
              "count": 3200,
              "member_count": 1600,
              "nonmember_count": 1600,
              "score_ent_auc": 0.49807500000000005,
              "score_conf_auc": 0.49436289062499994,
              "score_ce_auc": 0.48029414062500003
            }
          },
          "tail_minus_head": -0.04196388888888891,
          "tail_minus_head_conf": -0.021862890624999964,
          "class_member_counts": {
            "83": 2,
            "30": 2,
            "56": 2,
            "24": 2,
            "16": 2,
            "23": 2,
            "2": 2,
            "27": 2,
            "28": 2,
            "13": 2,
            "99": 2,
            "92": 2,
            "76": 2,
            "14": 2,
            "0": 2,
            "21": 2,
            "3": 2,
            "29": 2,
            "61": 2,
            "79": 2,
            "35": 2,
            "11": 2,
            "84": 2,
            "44": 2,
            "73": 2,
            "5": 2,
            "25": 2,
            "77": 2,
            "74": 2,
            "62": 2,
            "65": 10,
            "1": 10,
            "18": 10,
            "48": 10,
            "36": 10,
            "78": 10,
            "6": 10,
            "89": 10,
            "91": 10,
            "10": 10,
            "12": 10,
            "53": 10,
            "87": 10,
            "54": 10,
            "95": 10,
            "32": 10,
            "19": 10,
            "26": 10,
            "60": 10,
            "55": 10,
            "9": 10,
            "96": 10,
            "17": 10,
            "59": 10,
            "57": 10,
            "41": 10,
            "64": 10,
            "45": 10,
            "97": 10,
            "8": 10,
            "71": 40,
            "94": 40,
            "90": 40,
            "98": 40,
            "86": 40,
            "80": 40,
            "50": 40,
            "52": 40,
            "66": 40,
            "88": 40,
            "70": 40,
            "46": 40,
            "68": 40,
            "69": 40,
            "81": 40,
            "58": 40,
            "33": 40,
            "38": 40,
            "51": 40,
            "42": 40,
            "4": 40,
            "67": 40,
            "39": 40,
            "37": 40,
            "20": 40,
            "31": 40,
            "63": 40,
            "47": 40,
            "85": 40,
            "93": 40,
            "49": 40,
            "34": 40,
            "7": 40,
            "75": 40,
            "82": 40,
            "43": 40,
            "22": 40,
            "72": 40,
            "15": 40,
            "40": 40
          },
          "class_groups": {
            "tail": [
              83,
              30,
              56,
              24,
              16,
              23,
              2,
              27,
              28,
              13,
              99,
              92,
              76,
              14,
              0,
              21,
              3,
              29,
              61,
              79,
              35,
              11,
              84,
              44,
              73,
              5,
              25,
              77,
              74,
              62
            ],
            "mid": [
              65,
              1,
              18,
              48,
              36,
              78,
              6,
              89,
              91,
              10,
              12,
              53,
              87,
              54,
              95,
              32,
              19,
              26,
              60,
              55,
              9,
              96,
              17,
              59,
              57,
              41,
              64,
              45,
              97,
              8
            ],
            "head": [
              71,
              94,
              90,
              98,
              86,
              80,
              50,
              52,
              66,
              88,
              70,
              46,
              68,
              69,
              81,
              58,
              33,
              38,
              51,
              42,
              4,
              67,
              39,
              37,
              20,
              31,
              63,
              47,
              85,
              93,
              49,
              34,
              7,
              75,
              82,
              43,
              22,
              72,
              15,
              40
            ]
          }
        },
        {
          "seed": 2,
          "dataset": "CIFAR-100-C",
          "corruption": "gaussian_noise",
          "severity": 5,
          "case": "case_C_bn_only10",
          "system": "Tent 10遍 BN-only",
          "case_dir": "/home/chenyaofo/wanzhangqi/GuessWork2/outputs/p4/seed2/case_C_bn_only10",
          "checkpoint_path": "/home/chenyaofo/wanzhangqi/GuessWork2/outputs/p4/seed2/case_C_bn_only10/case_C_bn_only10_seed2.pth",
          "source": {
            "score_ent_auc": 0.5112050170068028,
            "score_conf_auc": 0.5106009778911564,
            "score_ce_auc": 0.47759187925170066,
            "top1_eval": 11.7
          },
          "target": {
            "score_ent_auc": 0.4792950680272109,
            "score_conf_auc": 0.47882789115646257,
            "score_ce_auc": 0.47967108843537415,
            "top1_eval": 36.7,
            "adapt_loss": 1.5805499422934748,
            "adapt_batches": 310.0
          },
          "bucket_metrics": {
            "tail": {
              "count": 120,
              "member_count": 60,
              "nonmember_count": 60,
              "score_ent_auc": 0.42833333333333334,
              "score_conf_auc": 0.46416666666666667,
              "score_ce_auc": 0.49388888888888893
            },
            "mid": {
              "count": 600,
              "member_count": 300,
              "nonmember_count": 300,
              "score_ent_auc": 0.4765555555555555,
              "score_conf_auc": 0.4778222222222222,
              "score_ce_auc": 0.45428888888888885
            },
            "head": {
              "count": 3200,
              "member_count": 1600,
              "nonmember_count": 1600,
              "score_ent_auc": 0.491210546875,
              "score_conf_auc": 0.4862568359375,
              "score_ce_auc": 0.4794955078125
            }
          },
          "tail_minus_head": -0.06287721354166664,
          "tail_minus_head_conf": -0.02209016927083335,
          "class_member_counts": {
            "83": 2,
            "30": 2,
            "56": 2,
            "24": 2,
            "16": 2,
            "23": 2,
            "2": 2,
            "27": 2,
            "28": 2,
            "13": 2,
            "99": 2,
            "92": 2,
            "76": 2,
            "14": 2,
            "0": 2,
            "21": 2,
            "3": 2,
            "29": 2,
            "61": 2,
            "79": 2,
            "35": 2,
            "11": 2,
            "84": 2,
            "44": 2,
            "73": 2,
            "5": 2,
            "25": 2,
            "77": 2,
            "74": 2,
            "62": 2,
            "65": 10,
            "1": 10,
            "18": 10,
            "48": 10,
            "36": 10,
            "78": 10,
            "6": 10,
            "89": 10,
            "91": 10,
            "10": 10,
            "12": 10,
            "53": 10,
            "87": 10,
            "54": 10,
            "95": 10,
            "32": 10,
            "19": 10,
            "26": 10,
            "60": 10,
            "55": 10,
            "9": 10,
            "96": 10,
            "17": 10,
            "59": 10,
            "57": 10,
            "41": 10,
            "64": 10,
            "45": 10,
            "97": 10,
            "8": 10,
            "71": 40,
            "94": 40,
            "90": 40,
            "98": 40,
            "86": 40,
            "80": 40,
            "50": 40,
            "52": 40,
            "66": 40,
            "88": 40,
            "70": 40,
            "46": 40,
            "68": 40,
            "69": 40,
            "81": 40,
            "58": 40,
            "33": 40,
            "38": 40,
            "51": 40,
            "42": 40,
            "4": 40,
            "67": 40,
            "39": 40,
            "37": 40,
            "20": 40,
            "31": 40,
            "63": 40,
            "47": 40,
            "85": 40,
            "93": 40,
            "49": 40,
            "34": 40,
            "7": 40,
            "75": 40,
            "82": 40,
            "43": 40,
            "22": 40,
            "72": 40,
            "15": 40,
            "40": 40
          },
          "class_groups": {
            "tail": [
              83,
              30,
              56,
              24,
              16,
              23,
              2,
              27,
              28,
              13,
              99,
              92,
              76,
              14,
              0,
              21,
              3,
              29,
              61,
              79,
              35,
              11,
              84,
              44,
              73,
              5,
              25,
              77,
              74,
              62
            ],
            "mid": [
              65,
              1,
              18,
              48,
              36,
              78,
              6,
              89,
              91,
              10,
              12,
              53,
              87,
              54,
              95,
              32,
              19,
              26,
              60,
              55,
              9,
              96,
              17,
              59,
              57,
              41,
              64,
              45,
              97,
              8
            ],
            "head": [
              71,
              94,
              90,
              98,
              86,
              80,
              50,
              52,
              66,
              88,
              70,
              46,
              68,
              69,
              81,
              58,
              33,
              38,
              51,
              42,
              4,
              67,
              39,
              37,
              20,
              31,
              63,
              47,
              85,
              93,
              49,
              34,
              7,
              75,
              82,
              43,
              22,
              72,
              15,
              40
            ]
          },
          "adaptation": {
            "steps": 310,
            "rounds": 10,
            "frozen_affine": true
          }
        }
      ],
      "split_plan": {
        "class_member_counts": {
          "83": 2,
          "30": 2,
          "56": 2,
          "24": 2,
          "16": 2,
          "23": 2,
          "2": 2,
          "27": 2,
          "28": 2,
          "13": 2,
          "99": 2,
          "92": 2,
          "76": 2,
          "14": 2,
          "0": 2,
          "21": 2,
          "3": 2,
          "29": 2,
          "61": 2,
          "79": 2,
          "35": 2,
          "11": 2,
          "84": 2,
          "44": 2,
          "73": 2,
          "5": 2,
          "25": 2,
          "77": 2,
          "74": 2,
          "62": 2,
          "65": 10,
          "1": 10,
          "18": 10,
          "48": 10,
          "36": 10,
          "78": 10,
          "6": 10,
          "89": 10,
          "91": 10,
          "10": 10,
          "12": 10,
          "53": 10,
          "87": 10,
          "54": 10,
          "95": 10,
          "32": 10,
          "19": 10,
          "26": 10,
          "60": 10,
          "55": 10,
          "9": 10,
          "96": 10,
          "17": 10,
          "59": 10,
          "57": 10,
          "41": 10,
          "64": 10,
          "45": 10,
          "97": 10,
          "8": 10,
          "71": 40,
          "94": 40,
          "90": 40,
          "98": 40,
          "86": 40,
          "80": 40,
          "50": 40,
          "52": 40,
          "66": 40,
          "88": 40,
          "70": 40,
          "46": 40,
          "68": 40,
          "69": 40,
          "81": 40,
          "58": 40,
          "33": 40,
          "38": 40,
          "51": 40,
          "42": 40,
          "4": 40,
          "67": 40,
          "39": 40,
          "37": 40,
          "20": 40,
          "31": 40,
          "63": 40,
          "47": 40,
          "85": 40,
          "93": 40,
          "49": 40,
          "34": 40,
          "7": 40,
          "75": 40,
          "82": 40,
          "43": 40,
          "22": 40,
          "72": 40,
          "15": 40,
          "40": 40
        },
        "class_groups": {
          "tail": [
            83,
            30,
            56,
            24,
            16,
            23,
            2,
            27,
            28,
            13,
            99,
            92,
            76,
            14,
            0,
            21,
            3,
            29,
            61,
            79,
            35,
            11,
            84,
            44,
            73,
            5,
            25,
            77,
            74,
            62
          ],
          "mid": [
            65,
            1,
            18,
            48,
            36,
            78,
            6,
            89,
            91,
            10,
            12,
            53,
            87,
            54,
            95,
            32,
            19,
            26,
            60,
            55,
            9,
            96,
            17,
            59,
            57,
            41,
            64,
            45,
            97,
            8
          ],
          "head": [
            71,
            94,
            90,
            98,
            86,
            80,
            50,
            52,
            66,
            88,
            70,
            46,
            68,
            69,
            81,
            58,
            33,
            38,
            51,
            42,
            4,
            67,
            39,
            37,
            20,
            31,
            63,
            47,
            85,
            93,
            49,
            34,
            7,
            75,
            82,
            43,
            22,
            72,
            15,
            40
          ]
        },
        "member_count": 1960,
        "nonmember_count": 6000,
        "eval_count": 1000
      },
      "anchor_rows": [
        {
          "index": 0,
          "system": "Source",
          "score_ent_auc": 0.5022815,
          "score_conf_auc": 0.502911,
          "top1_eval": 11.7,
          "remark": "anchor"
        },
        {
          "index": 1,
          "system": "Tent 1遍 BN+affine",
          "score_ent_auc": 0.5095930000000001,
          "score_conf_auc": 0.51259,
          "top1_eval": 41.2,
          "remark": "anchor"
        },
        {
          "index": 2,
          "system": "Tent 10遍 BN+affine",
          "score_ent_auc": 0.5895255,
          "score_conf_auc": 0.591515125,
          "top1_eval": 49.7,
          "remark": "anchor"
        }
      ]
    }
  ],
  "rows": [
    {
      "system": "Tent 10遍 BN+affine",
      "tail_mean": 0.637962962962963,
      "tail_std": 0.004887275266813567,
      "mid_mean": 0.584374074074074,
      "mid_std": 0.024527502550082587,
      "head_mean": 0.5843845052083333,
      "head_std": 0.006359001258575509,
      "tail_minus_head_mean": 0.053578457754629626,
      "tail_minus_head_std": 0.007913088205667025,
      "top1_mean": 49.833333333333336,
      "top1_std": 0.16996731711975865
    },
    {
      "system": "Tent 1遍 BN+affine",
      "tail_mean": 0.5331481481481483,
      "tail_std": 0.05481653525828597,
      "mid_mean": 0.5027296296296296,
      "mid_std": 0.021671899336479044,
      "head_mean": 0.5020772135416667,
      "head_std": 0.002976566264989221,
      "tail_minus_head_mean": 0.03107093460648151,
      "tail_minus_head_std": 0.052121901727951926,
      "top1_mean": 38.199999999999996,
      "top1_std": 0.42426406871192784
    },
    {
      "system": "Tent 10遍 BN-only",
      "tail_mean": 0.5135185185185186,
      "tail_std": 0.060255941314104736,
      "mid_mean": 0.49281851851851854,
      "mid_std": 0.011549793197633185,
      "head_mean": 0.4967010416666667,
      "head_std": 0.00682636788757479,
      "tail_minus_head_mean": 0.016817476851851865,
      "tail_minus_head_std": 0.056496374354760015,
      "top1_mean": 36.53333333333334,
      "top1_std": 0.1699673171197619
    }
  ],
  "note": "Optional case D not run by default."
}
